[?25l[?2004h                                            long-notes                   -                                                                never                                                         
                                        >   medium-notes                 -                                                                never                                                         
                                            no-notes                     -                                                                never                                                         
                                            short-notes                  -                                                                never                                                         
                                                                                                                                                                                                        
                                                                                                                                                                                                        
                                                                                                                                                                                                        
                                                                                                                                                                                                        
                                                                                                                                                                                                        
                                                                                                                                                                                                        
                                                                                                                                                                                                        
                                                                                                                                                                                                        
                                                                                                                                                                                                        
                                                                                                                                                                                                        
                                                                                                                                                                                                        
                                                                                                                                                                                                        
                                                                                                                                                                                                        
                                                                                                                                                                                                        
                                                                                                                                                                                                        
                                                                                                                                                                                                        
                                                                                                                                                                                                        
                                                                                                                                                                                                        
                                                                                                                                                                                                        
                                                                                                                                                                                                        
                                                                                                                                                                                                        
                                                                                                                                                                                                        
                                                                                                                                                                                                        
                                        Press [d] for details                                                                                                                                           
                                        │ 4 active │ 0 hibernated │ 0 waiting │                                                                                                                         
                                        │ [j/k] nav [d] details [f] fav [r] refresh [?] help [q] quit │                                                                                                 [2K[?2004l[?25h[?1002l[?1003l[?1006l