[?25l[?2004h>   long-notes         -                                               never    
    medium-notes       -                                               never    
    no-notes           -                                               never    
    short-notes        -                                               never    
                                                                                
                                                                                
                                                                                
                                                                                
                                                                                
                                                                                
                                                                                
                                                                                
                                                                                
                                                                                
                                                                                
                                                                                
                                                                                
                                                                                
                                                                                
                                                                                
                                                                                
                                                                                
                                                                                
                                                                                
                                                                                
                                                                                
                                                                                
                                                                                
                                                                                
                                                                                
                                                                                
                                                                                
                                                                                
│ 4 active │ 0 hibernated │ 0 waiting │                                         
│ [j/k] nav [d] details [f] fav [r] refresh [?] help [q] quit │                 [34A    long-notes         -                                               never    
>   medium-notes       -                                               never    
































[34A
    medium-notes       -                                               never    
>   no-notes           -                                               never    































[34A
>   medium-notes       -                                               never    
    no-notes           -                                               never    































[2K[?2004l[?25h[?1002l[?1003l[?1006l