[?25l[?2004h    long-notes                           never  ┌─────────────────────────────┐[K
>   medium-...                           never  │ DETAILS: medium-notes       │[K
    no-notes                             never  │                             │[K
    short-n...                           never  │ Path:        /tmp           │[K
                                                │ Method:      Unknown        │[K
                                                │ Stage:       Unknown        │[K
                                                │ Detection:   No detection   │[K
                                                │ reasoning available         │[K
                                                │ Notes:       Text Text Text │[K
                                                │ Text Text Text Text Text    │[K
                                                │ Text Text Text Text Text    │[K
                                                │ Text Text Text Text Text    │[K
                                                │ Text Text Text Text Text    │[K
                                                │ Text Text Text Text Text    │[K
                                                │ Text Text Text Text Text    │[K
                                                │ Text Text Text Text Text    │[K
                                                │ Text Text Text Text Text    │[K
                                                │ Text Text Text Text Text    │[K
                                                │ Text Text                   │[K
                                                │ Favorite:    No             │[K
                                                │ Added:       0001-01-01     │[K
                                                │ Last Active: never          │[K
                                                │                             │[K
                                                │                             │[K
                                                │                             │[K
                                                │                             │[K
                                                │                             │[K
                                                │                             │[K
                                                │                             │[K
                                                │                             │[K
                                                │                             │[K
                                                │                             │[K
                                                │                             │[K
                                                │                             │[K
                                                │                             │[K
                                                │                             │[K
                                                │                             │[K
                                                └─────────────────────────────┘[K
│ 4 active │ 0 hibernated │ 0 waiting │                                        [K
│ [j/k] nav [d] details [f] fav [r] refresh [?] help [q] quit │                [K[39A
    medium-...                           never  │ DETAILS: no-notes           │[K
>   no-notes                             never  │                             │[K





                                                │ Notes:       (none)         │[K
                                                │ Favorite:    No             │[K
                                                │ Added:       0001-01-01     │[K
                                                │ Last Active: never          │[K
                                                │                             │[K
                                                │                             │[K
                                                │                             │[K
                                                │                             │[K
                                                │                             │[K
                                                │                             │[K
                                                │                             │[K
                                                │                             │[K
                                                │                             │[K
                                                │                             │[K

















[39A
>   medium-...                           never  │ DETAILS: medium-notes       │[K
    no-notes                             never  │                             │[K





                                                │ Notes:       Text Text Text │[K
                                                │ Text Text Text Text Text    │[K
                                                │ Text Text Text Text Text    │[K
                                                │ Text Text Text Text Text    │[K
                                                │ Text Text Text Text Text    │[K
                                                │ Text Text Text Text Text    │[K
                                                │ Text Text Text Text Text    │[K
                                                │ Text Text Text Text Text    │[K
                                                │ Text Text Text Text Text    │[K
                                                │ Text Text Text Text Text    │[K
                                                │ Text Text                   │[K
                                                │ Favorite:    No             │[K
                                                │ Added:       0001-01-01     │[K
                                                │ Last Active: never          │[K

















[2K[?2004l[?25h[?1002l[?1003l[?1006l