[?25l[?2004h    long-notes                           never              
>   medium-...                           never              
    no-notes                             never              
    short-n...                           never              
                                                            
                                                            
                                                            
                                                            
                                                            
                                                            
                                                            
                                                            
                                                            
                                                            
                                                            
                                                            
                                                            
                                                            
                                                            
                                                            
Press [d] for details                                       
           ⚠️ Narrow terminal - some info hidden            
│ 4 active │ 0 hibernated │ 0 waiting │                     
│ [j/k] [d] [f] [r] [?] [q] │                               [2K[?2004l[?25h[?1002l[?1003l[?1006l