[?25l[?2004h│ Method:      Unknown                                                         │
│ Stage:       Unknown                                                         │
│ Detection:   No detection reasoning available                                │
│ Notes:       Line                                                            │
│ Line                                                                         │
│ Line                                                                         │
│ Line                                                                         │
│ Line                                                                         │
│ Line                                                                         │
│ Line                                                                         │
│ Line                                                                         │
│ Line                                                                         │
│ Line                                                                         │
│ Line                                                                         │
│ Line                                                                         │
│ Line                                                                         │
│ Line                                                                         │
│ Line                                                                         │
│ Line                                                                         │
│ Line                                                                         │
│ Line                                                                         │
│ Line                                                                         │
│ Line                                                                         │
│                                                                              │
│ Favorite:    No                                                              │
│ Added:       0001-01-01                                                      │
│ Last Active: never                                                           │
└──────────────────────────────────────────────────────────────────────────────┘
│ 4 active │ 0 hibernated │ 0 waiting │                                         
│ [j/k] nav [d] details [f] fav [r] refresh [?] help [q] quit │                 [29A    long-notes         -                                               never    
>   medium-notes       -                                               never    
    no-notes           -                                               never    
    short-notes        -                                               never    
                                                                                
                                                                                
                                                                                
                                                                                
                                                                                
                                                                                
                                                                                
                                                                                
┌──────────────────────────────────────────────────────────────────────────────┐
│ DETAILS: medium-notes                                                        │
│                                                                              │
│ Path:        /tmp                                                            │
│ Method:      Unknown                                                         │
│ Stage:       Unknown                                                         │
│ Detection:   No detection reasoning available                                │
│ Notes:       Text Text Text Text Text Text Text Text Text Text Text Text     │
│ Text Text Text Text Text Text Text Text Text Text Text Text Text Text Text   │
│ Text Text Text Text Text Text Text Text Text Text Text Text Text Text Text   │
│ Text Text Text Text Text Text Text Text                                      │
│ Favorite:    No                                                              │
│ Added:       0001-01-01                                                      │
│ Last Active: never                                                           │
└──────────────────────────────────────────────────────────────────────────────┘
│ 4 active │ 0 hibernated │ 0 waiting │                                         
│ [j/k] nav [d] details [f] fav [r] refresh [?] help [q] quit │                 [J[28A│ Path:        /tmp                                                            │
│ Method:      Unknown                                                         │
│ Stage:       Unknown                                                         │
│ Detection:   No detection reasoning available                                │
│ Notes:       Text Text Text Text Text Text Text Text Text Text Text Text     │
│ Text Text Text Text Text Text Text Text Text Text Text Text Text Text Text   │
│ Text Text Text Text Text Text Text Text Text Text Text Text Text Text Text   │
│ Text Text Text Text Text Text Text Text                                      │
│ Favorite:    No                                                              │
│ Added:       0001-01-01                                                      │
│ Last Active: never                                                           │
└──────────────────────────────────────────────────────────────────────────────┘
│ 4 active │ 0 hibernated │ 0 waiting │                                         
│ [j/k] nav [d] details [f] fav [r] refresh [?] help [q] quit │                 [J[13A                                                                                
                                                                                
                                                                                
                                                                                
                                                                                
                                                                                
                  Terminal too small. Minimum 60x20 required.                   
                                 Current: 80x14                                 
                                                                                
                                                                                
                                                                                
                                                                                
                                                                                
                                                                                [2K[?2004l[?25h[?1002l[?1003l[?1006l